[   0.0000] Linux version 4.15.0-48-generic (buildd@lgw01-amd64-036) (gcc version 7.3.0 (Ubuntu 7.3.0-16ubuntu3)) #51-Ubuntu SMP Wed Apr 3 08:28:49 UTC 2019 (Ubuntu 4.15.0-48.51-generic 4.15.18)
[    0.000000] Command line: BOOT_IMAGE=/boot/vmlinuz-4.15.0-48-generic root=LABEL=cloudimg-rootfs ro console=tty1 console=ttyS0
[    0.000000] KERNEL supported cpus:
[    0.000000]   Intel GenuineIntel
[    0.000000]   AMD AuthenticMD
[    0.0000]   Ceta CentarHuls
[   0000000] x86/fpu: Supporting XSAVE feature 0x001: 'x87 floating point registers'
[    0.000000] x86/fpu: Supporting XSAVE feature 0x00: 'SSE registers'
[    0.000000] x86/fpu: Supporting XSAVE feature 0x004: 'AVX registers'
[    0.000000] x86/fpu: xstate_offset[2]:  576, xstate_sizes[2]:  256
[    0.00000] x86/fpu: Enabled xstate features 0x7, context size is 832bys, using 'standad'fomat.
   0.0000] e820: BIOS-provided physical RAM map:
[    0.000000] BIOS-e820: [mem 0x0000000000000000-0x000000000009fbff] usable
[    0.000000] BIOS-e820: [mem 0x000000000009fc00-0x000000000009ffff] reserved
[    0.000000] BIOS-e820: [mem 0x00000000000f0000-0x00000000000fffff] reserved
[    0.000000] BIOS-e820: [mem 0x0000000000100000-0x000000003ffeffff] usable
[    0.000000] BIOS-e820: [mem 0x000000003fff0000-0x000000003fffffff] ACPI data
[    0.000000] BIOS-e820: [m 0x000000fec00000-0x000000fec00fff] reserved
   0.00000] BIOS-e820: me 0x000000fee00-0x00000000fe00fff] resered
[    0.000000 BIOS-e8: me 0000000ffc0000-0x000000ffffffff] reserved
[    0.000000] NX (Execute Disable) protection: active
[    0.000000] SMBIOS 2.5 present.
[    0.000000] DMI: innotek GmbH VirtualBox/VirtualBox, BIOS VirtualBox 12/01/2006
[    0.000000] Hypervisor detected: KVM
[    0.000000] e820: last_pfn = 0x3fff0 max_arch_pfn = 0x400000000
[    0.000000] MTRR: Disabled
[    0.000000] x86/PAT: MTRRs disabled, skipping PAT initialization too.
[    0.000000] CPU MTRRs all blank - virtualized system.
[    0.000000] x86/PAT: Configuration [0-7]: WB  WT  UC- UC  WB  WT  UC- UC  
[    0.000000] found SMP M-table at mem 0x09ff0-0x009fff] apd at [        (ptrval)]
    00000] Scanng 1 aeafor low memoy rrupio
[    0.000000]RADISK: [mm x359c7000x36daf]

[  0000000] ACP: arlytae checsu verfiction disabled
[    0.000000] ACPI: RSDP 0x00000000000E0000 000024 (v02 VBOX  )
[    0.000000] ACPI: XSDT 0x000000003FFF0030 00003C (v01 VBOX   VBOXXSDT 00000001 ASL  00000061)
[    0.000000] ACPI: FACP 0x000000003FFF00F0 0000F4 (v04 VBOX   VBOXFACP 00000001 ASL  00000061)
[    0.000000] ACPI: DSDT 0x000000003FFF0470 0021FF (v02 VBOX  VBOXBIOS 00000002 INTL 2010052)
[    0.000000] ACPI: FACS 0x000000003FFF0200 000040
[    0.000000] ACPI: FACS 0x000000003FFF0200 000040
[    0.000000] ACPI: APIC 0x000000003FFF0240 00005C (v02 VBOX   VBOXAPIC 00000001 ASL 000061
   0.000000] ACPI:SST 0x0000003FFF2A 0001CC v0 VBOX   VBOXCPUT 0000000 IL 201052)
[   0.0000]  NUMA onigurti foud[   0.0000 Fing a odat [mem x0000000000000-0x000000003ffeffff]
    0.000000] NODE_DATA(0) allocated [mem 0x3ffc5000-0x3ffeffff
[    0.000000] kvm-clock: cpu 0, msr 0:3ff44001, primary cpu clock
[    0.000000] kvm-clock: Using msrs 4b564d01 and 4b564d00
[    0.000000] kvm-clock: using sched offset of 4037737937 cycles
[    0.000000] clocksource: kvm-clock: mask: 0xffffffffffffffff max_cycles: 0x1cd42e4dffb, max_idle_ns: 881590143 ns
[   .000000 Ze ranges:
[   .00000] DMA      [mem 0000000000100x0000000ffffff
    0.0000]  DMA32    [em 0x0000000100000x000000ffeffff]
[   0.000]   Norml  empty
[    .00000]   Device   empty
[    0.000000] Movable zone start for each node
[    0.000000] Early memory node ranges
[    0.000000]   node   0: [mem 0x0000000000001000-0x000000000009efff]
[    0.000000]   node   0: [mem 0x0000000000100000-0x000000003ffeffff]
[    0.000000] Reserved but unavailable: 114 pages
[    0.000000] Initmem setup node 0 [mem 0x0000000000001000-0x000000003ffeffff]
[    0.000000] ACPI: PM-Timer IO Port: 0x4008
[    0.000000] IOAPIC[0]: apic_id 2, version 32, address 0xfec00000, GSI 0-23
[    0.000000] ACPI: INT_SRC_OVR (bus 0 bus_irq 0 global_irq 2 dfl dfl)
[    0.000000] ACPI: INT_SRC_OVR (bus 0 bus_irq 9 global_irq 9 low level)
[    0.000000] Using ACPI (MADT) for SMP configuration information
[    0.000000] smpboot: Allowing 2 CPUs, 0 hotplug CPUs
[   0.000000]M: Registere nosave emory: [me 000000000-x0000fff]
[    0.00000]PM: egtere nave memory [mem 0x009f00-000ffff][   .0000] PM: egtere nave memy:[mm 000a00-0x00eff][    0.000000] PM: Registered nosave memory: [mem 0x000f0000-0x000fffff]
[    0.000000] e820: [mem 0x40000000-0xfebfffff] available for PCI devices
[    0.000000] Booting paravirtualized kernel on KVM
[    0.000000] clocksource: refined-jiffies: mask: 0xffffffff max_cycles: 0xffffffff, max_idle_ns: 7645519600211568 ns
[    0.000000] random: get_andom_bytes called from start_kernel+0x99/0x4fd with crng_init=0
[    0.000000] setup_percpu: NR_CPUS:8192 nr_cpumask_bits:2 nr_cpu_ids:2 nr_node_ids:1
[    0.000000] percpu: Embedded 46 pages/cpu @        (ptrval) s151552 r8192 d28672 u1048576
[    0.000000] PV qspinlock hash table entries: 256 (order: 0, 4096 bytes)
[    0.000000] Built 1 zonelists, mobility grouping on.  Total pages: 257913
[    0.000000] Policy zone: DMA32
[    0.000000] Kernel command line: BOOT_IMAGE=/boot/vmlinuz-4.15.0-48-generic root=LABEL=cloudimg-rootfs ro console=tty1 console=ttyS0
[    0.000000] Memory: 983048K/1048120K available (12300K kernel code, 2473K rwdata, 4276K rodata, 2408K init, 2416K bss, 65072K reserved, 0K cma-reserved)
[    0.000000] SLUB: HWalign=64, Order=0-3, MinObjects=0, CPUs=2, Nodes=1
[    0.000000] Kernel/User page tables isolation: enabled
[    0.000000] ftrace: allocating 39226 entries in 154 pages
[    0.004000] Hierarchical RCU implementation.
[    0.004000] 	RCU restricting CPUs from NR_CPUS=8192 to nr_cpu_ids=2.
[    0.004000] 	Tasks RCU enabled.
[    0.004000] RCU: Adjusting geometry for rcu_fanout_leaf=16, nrcpids=2
  0.004000 N_IRQS: 54544, nr_irs: 44, preallocaedirqs 1
[    0.00400] onsole:cour VGA+ 80x
[    00000] conol [tt1] eabled
[   0.0400] nsole [tty0]enabed
[  000400]ACPI: Core revision 2170831
[    0.004000] ACPI: 2 ACPI AML tables successfully acquired and loaded
[    0.004000] APIC: Switch to symmetric I/O mode setup
[    0.004000] x2apic enabled
[    0.004000] Switched APIC routing to physical x2apic.
[    0.005242] ..TIMER: vectr=0x30 apic1=0 pin1=2 apic2=-1 pin2=-1
[    0.008007] tsc: Detected 2303.998 MHz processor
[    0.012013] Calibrating delay loop (skipped) preset value.. 4607.99 BogoMIPS (lpj=9215992)
[    0.014587] pid_max: default: 32768 minimum: 301
[    0.016047] Security Framework initialized
[    0.017408] Yama: becoming mindful.
[    0.018563] AppArmor: AppArmor initialized
[    0.021683] Dentry cache hash table entries: 131072 (order: 8, 1048576 bytes)
[    0.024119] Inode-cache hash table entries: 65536 (order: 7, 524288 bytes)
[    0.025962] Mount-cache hash table entries: 2048 (order: 2, 16384 bytes)
[    0.028023] Mountpoint-cache hash table entries: 2048 (order: 2, 16384 bytes)
[    0.032222] mce: CPU supports 0 MCE banks
[    0.036021] Last level iTLB entries: 4KB 64, 2MB 8, 4MB 8
[    0.040007] Last level dTLB entries: 4KB 64, 2MB 0, 4MB 0, 1GB 4
[    0.044008] Spectre V2 : Mitigation: Full generic retpoline
[    0.048006] Spectre V2 : Spectre v2 / SpectreRSB mitigation: Filling RSB on context switch
[    0.052008] Speculative Store Bypass: Vulnerable
[    0.056091] Freeing SMP alternatives memory: 36K
[    0.068000] smpboot: CPU0: Intel(R) Core(TM) i5-8259U CPU @ 2.30GHz (family: 0x6, model: 0x8e, stepping: 0xa)
[    0.068103] Performance Events: unsupported p6 CPU model 142 no PMU driver, software events only.
[    0.072078] Hierarchical SRCU implementation.
[    0.074143] NMI watchdog: Perf event create on CPU 0 failed with -2
[    0.076007] NMI watchdog: Perf NMI watchdog permanently disabled
[    0.080109] smp: Bringing up secondary CPUs ...
[    0.084123] x86: Booting SMP configuration:
[    0.085335] .... node  #0, CPUs:      #1
[    0.004000] kvm-clock: cpu 1, msr 0:3ff44041, secondary cpu clock
[    0.004000] mce: CPU supports 0 MCE banks
[    0.095331] smp: Brought up 1 node, 2 CPUs
[    0.096012] smpboot: Max logical packages: 1
[    0.100005] smpboot: Total of 2 processors activated (9215.99 BogoMIPS)
[    0.102267] devtmpfs: initialized
[    0.104052] x86/mm: Memory block size: 128MB
[    0.105497] evm: security.selinux
[    0.106779] evm: security.SMACK64
[    0.108007] evm: security.SMACK64EXEC
[    0.109226] evm: security.SMACK64TRANSMUTE
[    0.110518] evm: security.SMACK64MMAP
[    0.112005] evm: security.apparmor
[    0.113063] evm: security.ima
[    0.114044] evm: security.capability
[    0.116209] clocksource: jiffies: mask: 0xffffffff max_cycles: 0xffffffff, max_idle_ns: 7645041785100000 ns
[    0.118554] futex hash table entries: 512 (order: 3, 32768 bytes)
[    0.120119] pinctrl core: initialized pinctrl subsystem
[    0.128055] RTC time:  4:41:48, date: 05/16/19
[    0.132224] NET: Registered protocol family 16
[    0.136092] audit: initializing netlink subsys (disabled)
[    0.144025] audit: type=2000 audit(1557981705.318:1): state=initialized audit_enabled=0 res=1
[    0.324049] cpuidle: using governor ladder
[    0.328018] cpuidle: using governor menu
[    0.332106] ACPI: bus type PCI registered
[    0.336007] acpiphp: ACPI Hot Plug PCI Controller Driver version: 0.5
[    0.340134] PCI: Using configuration type 1 for base access
[    0.344811] HugeTLB registered 2.00 MiB page size, pre-allocated 0 pages
[    0.348107] ACPI: Added _OSI(Module Device)
[    0.352028] ACPI: Added _OSI(Processor Device)
[    0.356012] ACPI: Added _OSI(3.0 _SCP Extensions)
[    0.360009] ACPI: Added _OSI(Processor Aggregator Device)
[    0.362758] ACPI: Added _OSI(Linux-Dell-Video)
[    0.364019] ACPI: Added _OSI(Linux-Lenovo-NV-HDMI-Audio)
[    0.368045] ACPI: Added _OSI(Linux-HPI-Hybrid-Graphics)
[    0.370382] ACPI: Executed 1 blocks of module-level executable AML code
[    0.377441] ACPI: Interpreter enabled
[    0.378555] ACPI: (supports S0 S5)
[    0.379696] ACPI: Using IOAPIC for interrupt routing
[    0.380225] PCI: Using host bridge windows from ACPI; if necessary, use "pci=nocrs" and report a bug
[    0.384327] ACPI: Enabled 2 GPEs in block 00 to 07
[    0.396107] ACPI: PCI Root Bridge [PCI0] (domain 0000 [bus 00-ff])
[    0.398077] acpi PNP0A03:00: _OSC: OS supports [ASPM ClockPM Segments MSI]
[    0.400039] acpi PNP0A03:00: _OSC: not requesting OS control; OS requires [ExtendedConfig ASPM ClockPM MSI]
[    0.402911] acpi PNP0A03:00: fail to add MMCONFIG information, can't access extended PCI configuration space under this bridge.
[    0.404533] PCI host bridge to bus 0000:00
[    0.405645] pci_bus 0000:00: root bus resource [io  0x0000-0x0cf7 window]
[    0.408007] pci_bus 0000:00: root bus resource [io  0x0d00-0xffff window]
[    0.412011] pci_bus 0000:00: root bus resource [mem 0x000a0000-0x000bffff window]
[    0.416005] pci_bus 0000:00: root bus resource [mem 0x40000000-0xfdffffff window]
[    0.420008] pci_bus 0000:00: root bus resource [bus 00-ff]
[    0.430064] pci 0000:00:01.1: legacy IDE quirk: reg 0x10: [io  0x01f0-0x01f7]
[    0.432005] pci 0000:00:01.1: legacy IDE quirk: reg 0x14: [io  0x03f6]
[    0.436005] pci 0000:00:01.1: legacy IDE quirk: reg 0x18: [io  0x0170-0x0177]
[    0.440005] pci 0000:00:01.1: legacy IDE quirk: reg 0x1c: [io  0x0376]
[    0.460950] pci 0000:00:07.0: quirk: [io  0x4000-0x403f] claimed by PIIX4 ACPI
[    0.464030] pci 0000:00:07.0: quirk: [io  0x4100-0x410f] claimed by PIIX4 SMB
[    0.480594] ACPI: PCI Interrupt Link [LNKA] (IRQs 5 9 10 *11)
[    0.484613] ACPI: PCI Interrupt Link [LNKB] (IRQs 5 9 *10 11)
[    0.488267] ACPI: PCI Interrupt Link [LNKC] (IRQs 5 *9 10 11)
[    0.492241] ACPI: PCI Interrupt Link [LNKD] (IRQs 5 9 10 *11)
[    0.496503] SCSI subsystem initialized
[    0.497676] pci 0000:00:02.0: vgaarb: setting as boot VGA device
[    0.497676] pci 0000:00:02.0: vgaarb: VGA device added: decodes=io+mem,owns=io+mem,locks=none
[    0.500010] pci 0000:00:02.0: vgaarb: bridge control possible
[    0.504006] vgaarb: loaded
[    0.508056] ACPI: bus type USB registered
[    0.509352] usbcore: registered new interface driver usbfs
[    0.512048] usbcore: registered new interface driver hub
[    0.516049] usbcore: registered new device driver usb
[    0.520091] EDAC MC: Ver: 3.0.0
[    0.524152] PCI: Using ACPI for IRQ routing
[    0.526022] NetLabel: Initializing
[    0.526995] NetLabel:  domain hash size = 128
[    0.528004] NetLabel:  protocols = UNLABELED CIPSOv4 CALIPSO
[    0.532032] NetLabel:  unlabeled traffic allowed by default
[    0.536106] clocksource: Switched to clocksource kvm-clock
[    0.50275]FSDi qtadqt_6.
[  0130]FS: uot-caheastae trs:12orr  46 bytes)
[   1.576876] AppArmor: AppArmor Filesystem Enabled
[    1.601337] pnp: PnP ACPI init
[    1.604001] pnp: PnP ACPI: found 3 devices

[    1.618147] clocksource: acpi_pm: mask: 0xffffff max_cycles: 0xffffff, max_idle_ns: 2085701024 ns
[    1.621052] NET: Registered protocol family 2
[    1.624264] TCP established hash table entries: 8192 (order: 4, 65536 bytes)
[    1.626566] TCP bind hash table entries: 8192 (order: 5, 131072 bytes)
[    1.628567] TCP: Hash tables configured (established 8192 bind 8192)
[    1.630734] UDP hash table entries: 512 (order:  16384 bytes)
[    1.681195] UDP-Lite hash table entries: 512 (order: 2, 16384 bytes)
[    1.683088] NET: Registered protocol family 1
[    1.684450] pci 0000:00:00.0: Limiting direct PCI/PCI transfer
[    1.711153] pci 0000:00:01.0: Activating ISA DMA hang workarounds
[    1.713836] pci 0000:00:02.0: Video device with shadowed ROM at [mem 0x000c0000-0x000dffff]
[   1.16405] Unpacking initramfs...

[    2.035213] Freeing initrd memory: 19536K
[    2.108950] platform rtc_cmos: registered platform RTC device (no PNP device found)
[    2.258924] Scanning for low memory corruption every 60 seconds
[    2.382864] Initialise system trusted keyrings
[    2.448978] Key type blacklist registered
[    2.493718] workingset: timestamp_bits=36 max_order=18 bucket_order=0
[    2.582281] zbud: loaded
[    2.640985] squashfs: version 4.0 (2009/01/31) Phillip Lougher
[    2.679171] fuse init (API version 7.26)
[    2.690577] Key type asymmetric registered
[    2.691937] Asymmetric key parser 'x509' registered
[    2.696790] Block layer SCSI generic (bsg) driver version 0.4 loaded (major 246)
[    2.699079] io scheduler noop registered
[    2.701436] io scheduler deadline registered
[    2.702838] io scheduler cfq registered (default)
[    2.704954] ACPI: AC Adapter [AC] (off-line)
[    2.706296] input: Power Button as /devices/LNXSYSTM:00/LNXPWRBN:00/input/input0
[    2.709932] ACPI: Power Button [PWRF]
[    2.711237] input: Sleep Button as /devices/LNXSYSTM:00/LNXSLPBN:00/input/input1
[    2.714554] ACPI: Sleep Button [SLPF]
[    2.717586] ACPI: Battery Slot [BAT0] (battery present)
[    2.719342] Serial: 8250/16550 driver, 32 ports, IRQ sharing enabled
[    2.746575] 00:02: ttyS0 at I/O 0x3f8 (irq = 4, base_baud = 115200) is a 16550A
[    2.883683] Linux agpgart interface v0.103
[    2.934795] loop: module loaded
[    2.990686] scsi host0: ata_piix
[    3.025487] scsi host1: ata_piix
[    3.057604] ata1: PATA max UDMA/33 cmd 0x1f0 ctl 0x3f6 bmdma 0xd000 irq 14
[    3.183043] ata2: PATA max UDMA/33 cmd 0x170 ctl 0x376 bmdma 0xd008 irq 15
[    3.312882] tsc: Refined TSC clocksource calibration: 2304.264 MHz
[    3.313884] libphy: Fixed MDIO Bus: probed
[    3.313885] tun: Universal TUN/TAP device driver, 1.6
[    3.313923] PPP generic driver version 2.4.2
[    3.313952] ehci_hcd: USB 2.0 'Enhanced' Host Controller (EHCI) Driver
[    3.313959] ehci-pci: EHCI PCI platform driver
[    3.313973] ehci-platform: EHCI generic platform driver
[    3.313977] ohci_hcd: USB 1.1 'Open' Host Controller (OHCI) Driver
[    3.313979] ohci-pci: OHCI PCI platform driver
[    3.313983] ohci-platform: OHCI generic platform driver
[    3.313987] uhci_hcd: USB Universal Host Controller Interface driver
[    3.314033] i8042: PNP: PS/2 Controller [PNP0303:PS2K,PNP0f03:PS2M] at 0x60,0x64 irq 1,12
[    3.410312] serio: i8042 KBD port at 0x60,0x64 irq 1
[    3.410342] serio: i8042 AUX port at 0x60,0x64 irq 12
[    3.410395] mousedev: PS/2 mouse device common for all mice
[    3.410595] input: AT Translated Set 2 keyboard as /devices/platform/i8042/serio0/input/input2
[    3.411045] rtc_cmos rtc_cmos: rtc core: registered rtc_cmos as rtc0
[    3.411111] rtc_cmos rtc_cmos: alarms up to one day, 114 bytes nvram
[    3.411117] i2c /dev entries driver
[    3.411121] pcie_mp2_amd: AMD(R) PCI-E MP2 Communication Driver Version: 1.0
[    3.411214] device-mapper: uevent: version 1.0.3
[    3.411254] device-mapper: ioctl: 4.37.0-ioctl (2017-09-20) initialised: dm-devel@redhat.com
[    3.818029] clocksource: tsc: mask: 0xffffffffffffffff max_cycles: 0x2136f12a7f4, max_idle_ns: 440795305080 ns
[    3.821198] ledtrig-cpu: registered to indicate activity on CPUs
[    3.823425] NET: Registered protocol family 10
[    3.827893] Segment Routing with IPv6
[    3.829238] NET: Registered protocol family 17
[    3.831054] Key type dns_resolver registered
[    3.832990] RAS: Correctable Errors collector initialized.
[    3.834498] sched_clock: Marking stable (3832742472, 0)->(13656752416, -9824009944)
[    3.836820] registered taskstats version 1
[    3.837861] Loading compiled-in X.509 certificates
[    3.841166] Loaded X.509 cert 'Build time autogenerated kernel key: e7056c016f846647db0f624c10ce588fee742707'
[    3.847055] zswap: loaded using pool lzo/zbud
[    3.852653] Key type big_key registered
[    3.853608] Key type trusted registered
[    3.855577] Key type encrypted registered
[    3.893138] AppArmor: AppArmor sha1 policy hashing enabled
[    4.028783] ima: No TPM chip found, activating TPM-bypass! (rc=-19)
[    4.198527] ima: Allocated hash algorithm: sha1
[    4.308515] evm: HMAC attrs: 0x1
[    4.408501]   Magic number: 3:749:666
[    4.532799] rtc_cmos rtc_cmos: setting system clock to 2019-05-16 04:41:54 UTC (1557981714)
[    4.742768] BIOS EDD facility v0.16 2004-Jun-25, 0 devices found
[    4.746488] EDD information not available.
[    4.760656] Freeing unused kernel image memory: 2408K
[    4.780394] Write protecting the kernel read-only data: 20480k
[    4.813674] Freeing unused kernel image memory: 2008K
[    4.885226] Freeing unused kernel image memory: 1868K
[    4.893987] x86/mm: Checked W+X mappings: passed, no W+X pages found.
[    4.895946] x86/mm: Checking user space page tables
[    4.902817] x86/mm: Checked W+X mappings: passed, no W+X pages found.
Loading, please wait...
starting version 237
[    4.970286] e1000: Intel(R) PRO/1000 Network Driver - version 7.3.21-k8-NAPI
[    5.073111] e1000: Copyright (c) 1999-2006 Intel Corporation.
[    5.151091] AVX2 version of gcm_enc/dec engaged.
[    5.250445] AES CTR mode by8 optimization enabled
[    5.324686] Fusion MPT base driver 3.04.20
[    5.356447] Copyright (c) 1999-2008 LSI Corporation
[    5.409252] input: ImExPS/2 Generic Explorer Mouse as /devices/platform/i8042/serio1/input/input4
[    5.594677] Fusion MPT SPI Host driver 3.04.20
[    5.623158] vboxvideo: loading out-of-tree module taints kernel.
[    5.679431] vboxvideo: module verification failed: signature and/or required key missing - tainting kernel
[    5.877200] e1000 0000:00:03.0 eth0: (PCI:33MHz:32-bit) 02:04:86:c9:98:46
[    7.130235] e1000 0000:00:03.0 eth0: Intel(R) PRO/1000 Network Connection
[    7.867062] e1000 0000:00:08.0 eth1: (PCI:33MHz:32-bit) 08:00:27:35:5c:f5
[    8.176507] e1000 0000:00:08.0 eth1: Intel(R) PRO/1000 Network Connection
[    8.189316] e1000 0000:00:08.0 enp0s8: renamed from eth1
[    8.191492] mptbase: ioc0: Initiating bringup
[    8.208431] e1000 0000:00:03.0 enp0s3: renamed from eth0
[    8.308565] ioc0: LSI53C1030 A0: Capabilities={Initiator}
[    9.864566] scsi host2: ioc0: LSI53C1030 A0, FwRev=00000000h, Ports=1, MaxQ=256, IRQ=20
[   11.158080] scsi 2:0:0:0: Direct-Access     VBOX     HARDDISK         1.0  PQ: 0 ANSI: 5
[   11.158818] [drm] VRAM 01000000
[   11.356968] [TTM] Zone  kernel: Available graphics memory: 504452 kiB
[   11.356969] [TTM] Initializing pool allocator
[   11.356972] [TTM] Initializing DMA pool allocator
[   11.485102] fbcon: vboxdrmfb (fb0) is primary device
[   11.487741] Console: switching to colour frame buffer device 100x37
[   11.491591] vboxvideo 0000:00:02.0: fb0: vboxdrmfb frame buffer device
[   11.512174] [drm] Initialized vboxvideo 1.0.0 20130823 for 0000:00:02.0 on minor 0
[   11.524129] scsi target2:0:0: Beginning Domain Validation
[   11.528363] scsi target2:0:0: Domain Validation skipping write tests
[   11.529993] scsi target2:0:0: Ending Domain Validation
[   11.531183] scsi target2:0:0: asynchronous
[   11.532766] scsi 2:0:1:0: Direct-Access     VBOX     HARDDISK         1.0  PQ: 0 ANSI: 5
[   11.564449] scsi target2:0:1: Beginning Domain Validation
[   11.626028] random: fast init done
[   12.130439] scsi target2:0:1: Domain Validation skipping write tests
[   12.133972] scsi target2:0:1: Ending Domain Validation
[   12.135300] scsi target2:0:1: asynchronous
[   12.140783] random: systemd-udevd: uninitialized urandom read (16 bytes read)
[   12.140790] sd 2:0:0:0: Attached scsi generic sg0 type 0
[   12.143715] random: systemd-udevd: uninitialized urandom read (16 bytes read)
[   12.145644] sd 2:0:1:0: Attached scsi generic sg1 type 0
[   12.145645] sd 2:0:0:0: [sda] 20971520 512-byte logical blocks: (10.7 GB/10.0 GiB)
[   12.145659] random: systemd-udevd: uninitialized urandom read (16 bytes read)
[   12.145721] sd 2:0:0:0: [sda] Write Protect is off
[   12.145944] sd 2:0:0:0: [sda] Incomplete mode parameter data
[   12.145945] sd 2:0:0:0: [sda] Assuming drive cache: write through
[   12.147566]  sda: sda1
[   12.148494] sd 2:0:0:0: [sda] Attached SCSI disk
[   12.148507] sd 2:0:1:0: [sdb] 20480 512-byte logical blocks: (10.5 MB/10.0 MiB)
[   12.148606] sd 2:0:1:0: [sdb] Write Protect is off
[   12.148691] sd 2:0:1:0: [sdb] Incomplete mode parameter data
[   12.148692] sd 2:0:1:0: [sdb] Assuming drive cache: write through
[   12.150992] sd 2:0:1:0: [sdb] Attached SCSI disk
Begin: Loading essential drivers ... [   12.740088] raid6: sse2x1   gen() 12729 MB/s
[   12.932188] raid6: sse2x1   xor()  9332 MB/s
[   13.120262] raid6: sse2x2   gen() 15168 MB/s
[   13.256273] raid6: sse2x2   xor() 10527 MB/s
[   13.456301] raid6: sse2x4   gen() 17583 MB/s
[   13.624025] raid6: sse2x4   xor() 10915 MB/s
[   13.716436] raid6: avx2x1   gen() 21492 MB/s
[   13.764970] raid6: avx2x1   xor() 17079 MB/s
[   13.947619] raid6: avx2x2   gen() 34009 MB/s
[   14.146132] raid6: avx2x2   xor() 20194 MB/s
[   14.324090] raid6: avx2x4   gen() 35476 MB/s
[   14.496706] raid6: avx2x4   xor() 21366 MB/s
[   14.627865] raid6: using algorithm avx2x4 gen() 35476 MB/s
[   14.738528] raid6: .... xor() 21366 MB/s, rmw enabled
[   14.772900] raid6: using avx2x2 recovery algorithm
[   14.777819] xor: automatically using best checksumming function   avx       
[   14.787385] async_tx: api initialized (async)
done.
Begin: Running /scripts/init-premount ... done.
Begin: Mounting root file system ... Begin: Running /scripts/local-top ... done.
Begin: Running /scripts/local-premount ... [   14.842813] Btrfs loaded, crc32c=crc32c-intel
Scanning for Btrfs filesystems
done.
Warning: fsck not present, so skipping root file system
[   14.940735] EXT4-fs (sda1): mounted filesystem with ordered data mode. Opts: (null)
done.
Begin: Running /scripts/local-bottom ... done.
Begin: Running /scripts/init-bottom ... done.
[   15.120369] ip_tables: (C) 2000-2006 Netfilter Core Team
[   15.130144] systemd[1]: systemd 237 running in system mode. (+PAM +AUDIT +SELINUX +IMA +APPARMOR +SMACK +SYSVINIT +UTMP +LIBCRYPTSETUP +GCRYPT +GNUTLS +ACL +XZ +LZ4 +SECCOMP +BLKID +ELFUTILS +KMOD -IDN2 +IDN -PCRE2 default-hierarchy=hybrid)
[   15.135498] systemd[1]: Detected virtualization oracle.
[   15.136926] systemd[1]: Detected architecture x86-64.

Welcome to [1mUbuntu 18.04.2 LTS[0m!

[   15.182003] systemd[1]: Set hostname to <ubuntu-bionic>.
[   15.547726] systemd[1]: Created slice System Slice.
[[0;32m  OK  [0m] Created slice System Slice.
[   15.568765] systemd[1]: Listening on udev Kernel Socket.
[[0;32m  OK  [0m] Listening on udev Kernel Socket.
[   15.618032] systemd[1]: Reached target Swap.
[[0;32m  OK  [0m] Reached target Swap.
[   15.640803] systemd[1]: Listening on /dev/initctl Compatibility Named Pipe.
[[0;32m  OK  [0m] Listening on /dev/initctl Compatibility Named Pipe.
[   15.718263] systemd[1]: Listening on LVM2 poll daemon socket.
[[0;32m  OK  [0m] Listening on LVM2 poll daemon socket.
[   15.781380] systemd[1]: Listening on udev Control Socket.
[[0;32m  OK  [0m] Listening on udev Control Socket.
[[0;32m  OK  [0m] Started Forward Password Requests to Wall Directory Watch.
[[0;32m  OK  [0m] Reached target System Time Synchronized.
[[0;32m  OK  [0m] Created slice User and Session Slice.
[[0;32m  OK  [0m] Set up automount Arbitrary Executabâ€¦rmats File System Automount Point.
[[0;32m  OK  [0m] Created slice system-serial\x2dgetty.slice.
[[0;32m  OK  [0m] Reached target User and Group Name Lookups.
[[0;32m  OK  [0m] Listening on Journal Socket.
         Mounting POSIX Message Queue File System...
         Mounting Kernel Debug File System...
         Starting Remount Root and Kernel File Systems...
         Starting Set the console keyboard layout...
         Starting Load Kernel Modules...
[[0;32m  OK  [0m] Reached target Slices.
[   15.975131] Loading iSCSI transport class v2.0-870.
[[   16.614650] EXT4-fs (sda1): re-mounted. Opts: (null)
[0;32m  OK  [0m] Listening on Syslog Socket.
[   17.288092] iscsi: registered transport (tcp)
[[0;32m  OK  [0m] Listening on LVM2 metadata daemon socket.
         Mounting Huge Pages File System...
         Starting Uncomplicated firewall...
         Starting Create list of required stâ€¦ce nodes for the current kernel...
[[0;32m  OK  [0m] Listening on Journal Socket (/dev/log).
[[0;32m  OK  [0m] Listening on Network Service Netlink Socket.
         Starting udev Co[   17.838893] iscsi: registered transport (iser)
ldplug all Devices...
[[0;32m  OK  [0m] Listening on Journal Audit Socket.
         Starting Journal Service...
[[0;32m  OK  [0m] Listening on Device-mapper event daemon FIFOs.
         Starting Monitoring of LVM2 mirrorsâ€¦ng dmeventd or progress polling...
[[0;32m  OK  [0m] Started Journal Service.
[[0;32m  OK  [0m] Mounted POSIX Message Queue File System.
[[0;32m  OK  [0m] Mounted Kernel Debug File System.
[[0;32m  OK  [0m] Started Remount Root and Kernel File Systems.
[[0;32m  OK  [0m] Started Load Kernel Modules.
[[0;32m  OK  [0m] Mounted Huge Pages File System.
[[0;32m  OK  [0m] Started Uncomplicated firewall.
[[0;32m  OK  [0m] Started Create list of required staâ€¦vice nodes for the current kernel.
         Starting Create Static Device Nodes in /dev...
         Mounting Kernel Configuration File System...
         Mounting FUSE Control File System...
         Starting Apply Kernel Variables...
         Starting Load/Save Random Seed...
         Starting Flush Journal to Persistent Storage...
[[0;32m  OK  [0m] Started udev Coldplug all Devices.
[[0;32m  OK  [0m] Started Create Static Device Nodes in /dev.
[[0;32m  OK  [0m] Mounted Kernel Configuration File System.
[[0;32m  OK  [0m] Mounted FUSE Control File System.
[[0;32m  OK  [0m] Started Apply Kernel Variables.
[[0;32m  OK  [0m] Started LVM2 metadata daemon.
         Starting udev Kernel Device Manager...
[[0;32m  OK  [0m] Started Load/Save Random Seed.
[[0;32m  OK  [0m] Started udev Kernel Device Manager.
[[0;32m  OK  [0m] Started Monitoring of LVM2 mirrors,â€¦sing dmeventd or progress polling.
[[0;32m  OK  [0m] Found device /dev/ttyS0.
[[0;32m  OK  [0m] Started Flush Journal to Persistent Storage.
[[0;32m  OK  [0m] Listening on Load/Save RF Kill Switch Status /dev/rfkill Watch.
[[0;32m  OK  [0m] Started Set the console keyboard layout.
[[0;32m  OK  [0m] Reached target Local File Systems (Pre).
[[0;32m  OK  [0m] Reached target Local File Systems.
         Starting Set console font and keymap...
         Starting AppArmor initialization...
         Starting ebtables ruleset management...
         Starting Tell Plymouth To Write Out Runtime Data...
         Starting Create Volatile Files and Directories...
[[0;32m  OK  [0m] Started Dispatch Password Requests to Console Directory Watch.
[[0;32m  OK  [0m] Reached target Local Encrypted Volumes.
[[0;32m  OK  [0m] Started Set console font and keymap.
[[0;32m  OK  [0m] Started Tell Plymouth To Write Out Runtime Data.
[[0;32m  OK  [0m] Started Create Volatile Files and Directories.
         Starting Update UTMP about System Boot/Shutdown...
[[0;32m  OK  [0m] Started Update UTMP about System Boot/Shutdown.
[[0;32m  OK  [0m] Started ebtables ruleset management.
[[0;32m  OK  [0m] Started AppArmor initialization.
         Starting Initial cloud-init job (pre-networking)...
[   20.195308] cloud-init[754]: Cloud-init v. 18.5-45-g3554ffe8-0ubuntu1~18.04.1 running 'init-local' at Thu, 16 May 2019 04:42:09 +0000. Up 19.99 seconds.
[[0;32m  OK  [0m] Started Initial cloud-init job (pre-networking).
[[0;32m  OK  [0m] Reached target Network (Pre).
         Starting Network Service...
[[0;32m  OK  [0m] Started Network Service.
         Starting Network Name Resolution...
         Starting Wait for Network to be Configured...
[[0;32m  OK  [0m] Started Network Name Resolution.
[[0;32m  OK  [0m] Reached target Host and Network Name Lookups.
[[0;32m  OK  [0m] Reached target Network.
[[0;32m  OK  [0m] Started Wait for Network to be Configured.
         Starting Initial cloud-init job (metadata service crawler)...
[   22.030952] cloud-init[874]: Cloud-init v. 18.5-45-g3554ffe8-0ubuntu1~18.04.1 running 'init' at Thu, 16 May 2019 04:42:11 +0000. Up 21.91 seconds.
[   22.098907] cloud-init[874]: ci-info: ++++++++++++++++++++++++++++++++++++++Net device info+++++++++++++++++++++++++++++++++++++++
[   22.102991] cloud-init[874]: ci-info: +--------+------+-----------------------------+---------------+--------+-------------------+
[   22.106742] cloud-init[874]: ci-info: | Device |  Up  |           Address           |      Mask     | Scope  |     Hw-Address    |
[   22.112540] cloud-init[874]: ci-info: +--------+------+-----------------------------+---------------+--------+-------------------+
[   22.115054] cloud-init[874]: ci-info: | enp0s3 | True |          10.0.2.15          | 255.255.255.0 | global | 02:04:86:c9:98:46 |
[   22.117817] cloud-init[874]: ci-info: | enp0s3 | True |  fe80::4:86ff:fec9:9846/64  |       .       |  link  | 02:04:86:c9:98:46 |
[   22.135522] cloud-init[874]: ci-info: | enp0s8 | True |        192.168.33.10        | 255.255.255.0 | global | 08:00:27:35:5c:f5 |
[   22.138577] cloud-init[874]: ci-info: | enp0s8 | True | fe80::a00:27ff:fe35:5cf5/64 |       .       |  link  | 08:00:27:35:5c:f5 |
[   22.149353] cloud-init[874]: ci-info: |   lo   | True |          127.0.0.1          |   255.0.0.0   |  host  |         .         |
[   22.153324] cloud-init[874]: ci-info: |   lo   | True |           ::1/128           |       .       |  host  |         .         |
[   22.156670] cloud-init[874]: ci-info: +--------+------+-----------------------------+---------------+--------+-------------------+
[   22.159955] cloud-init[874]: ci-info: +++++++++++++++++++++++++++++Route IPv4 info+++++++++++++++++++++++++++++
[   22.163149] cloud-init[874]: ci-info: +-------+--------------+----------+-----------------+-----------+-------+
[   22.170625] cloud-init[874]: ci-info: | Route | Destination  | Gateway  |     Genmask     | Interface | Flags |
[   22.175730] cloud-init[874]: ci-info: +-------+--------------+----------+-----------------+-----------+-------+
[   22.208192] cloud-init[874]: ci-info: |   0   |   0.0.0.0    | 10.0.2.2 |     0.0.0.0     |   enp0s3  |   UG  |
[   22.288865] [cloud-init[0;32m  OK  [0m] [874]: Started Initial cloud-init job (metadata service crawler).ci-info: |   1   |   10.0.2.0   | 0.0.0.0  |  255.255.255.0  |   enp0s3  |   U   |

[   22.400808] [cloud-init[0;32m  OK  [0m[874]: ] ci-info: |   2   |   10.0.2.2   | 0.0.0.0  | 255.255.255.255 |   enp0s3  |   UH  |Reached target Cloud-config availability.

[[0;32m  OK  [0m] Reached target Network is Online.
[   22.496298] cloud-init[874]: ci-info: |   3   | 192.168.33.0 | 0.0.0.0  |  255.255.255.0  |   enp0s8  |   U   |
         Starting Availability of block devices...
[   22.517053] [[0;32m  OK  [0m] Reached target Remote File Systems (Pre).
[[0;32m  OK  [0m] Reached target Remote File Systems.
[[0;32m  OK  [0m] Reached target System Initialization.
[[0;32m  OK  [0m] Listening on Open-iSCSI iscsid Socket.
[[0;32m  OK  [0m] Started Discard unused blocks once a week.
cloud-init[874]: ci-info: +-------+--------------+----------+-----------------+-----------+-------+
         Starting Socket activation for snappy daemon.
[[0;32m  OK  [0m] Listening on D-Bus System Message Bus Socket.
[   22.535188] [[0;32m  OK  [0m] Listening on ACPID Listen Socket.
cloud-init[874]: [[0;32m  OK  [0m] Started ACPI Events Check.
ci-info: +++++++++++++++++++Route IPv6 info+++++++++++++++++++
[[0;32m  OK  [0m] Started Daily apt download activities.
[   22.546535] [[0;32m  OK  [0m] Reached target Paths.
cloud-init[874]:          Starting LXD - unix socket.
[[0;32m  OK  [0m] Started Message of the Day.
[[0;32m  OK  [0m] Listening on UUID daemon activation socket.
[[0;32m  OK  [0m] Started Daily apt upgrade and clean activities.
[[0;32m  OK  [0m] Started Daily Cleanup of Temporary Directories.
[[0;32m  OK  [0m] Reached target Timers.
ci-info: +-------+-------------+---------+-----------+-------+
[   22.568406] [[0;32m  OK  [0m] Started Availability of block devices.
[[0;32m  OK  [0m] Listening on Socket activation for snappy daemon.
[[0;32m  OK  [0m] Listening on LXD - unix socket.
[[0;32m  OK  [0m] Reached target Sockets.
[[0;32m  OK  [0m] Reached target Basic System.
         Starting LXD - container startup/shutdown...
[[0;32m  OK  [0m] Started FUSE filesystem for LXC.
         Starting Permit User Sessions...
cloud-init[874]: ci-info: | Route | Destination | Gateway | Interface | Flags |
[   22.576979] cloud-init[874]: ci-info: +-------+-------------+---------+-----------+-------+
[   22.577021] cloud-init[874]: ci-info: |   1   |  fe80::/64  |    ::   |   enp0s8  |   U   |
[   22.577051] cloud-init[874]: ci-info: |   2   |  fe80::/64  |    ::   |   enp0s3  |   U   |
[   22.577082] cloud-init[874]: ci-info: |   4   |    local    |    ::   |   enp0s3  |   U   |
[   22.577120] cloud-init[874]: ci-info: |   5   |    local    |    ::   |   enp0s8  |   U   |
[   22.577150] cloud-init[874]: ci-info: |   6   |   ff00::/8  |    ::   |   enp0s8  |   U   |
[   22.577179] cloud-init[874]: ci-info: |   7   |   ff00::/8  |    ::   |   enp0s3  |   U   |
[   22.577207] cloud-init[874]: ci-info: +-------+-------------+---------+-----------+-------+
         Starting LSB: automatic crash report generation...
         Starting LSB: Record successful boot for GRUB...
         Starting Accounts Service...
         Starting vboxadd.service...
[[0;32m  OK  [0m] Started Regular background program processing daemon.
         Starting OpenBSD Secure Shell server...
         Starting Login Service...
[[0;32m  OK  [0m] Started D-Bus System Message Bus.
[[0;32m  OK  [0m] Started irqbalance daemon.
         Starting System Logging Service...
         Starting Dispatcher daemon for systemd-networkd...
[[0;32m  OK  [0m] Started Deferred execution scheduler.
         Starting Snappy daemon...
[[0;32m  OK  [0m] Started System Logging Service.
[[0;32m  OK  [0m] Started LXD - container startup/shutdown.
[[0;32m  OK  [0m] Started Permit User Sessions.
[[0;32m  OK  [0m] Started OpenBSD Secure Shell server.
[[0;32m  OK  [0m] Started Login Service.
         Starting Authorization Manager...
[[0;32m  OK  [0m] Started Unattended Upgrades Shutdown.
         Starting Hold until boot process finishes up...
         Starting Terminate Plymouth Boot Screen...
[[0;32m  OK  [0m] Started vboxadd.service.
[[0;32m  OK  [0m] Started Hold until boot process finishes up.
[[0;32m  OK  [0m] Started Authorization Manager.
[[0;32m  OK  [0m] Started Dispatcher daemon for systemd-networkd.
[[0;32m  OK  [0m] Started LSB: automatic crash report generation.
[[0;32m  OK  [0m] Started LSB: Record successful boot for GRUB.
[[0;32m  OK  [0m] Started Terminate Plymouth Boot Screen.
[[0;32m  OK  [0m] Started Accounts Service.
[[0;32m  OK  [0m] Started Serial Getty on ttyS0.
         Starting Set console scheme...
         Starting vboxadd-service.service...
[[0;32m  OK  [0m] Started Snappy daemon.
[[0;32m  OK  [0m] Started Set console scheme.
[[0;32m  OK  [0m] Created slice system-getty.slice.
[[0;32m  OK  [0m] Started Getty on tty1.
[[0;32m  OK  [0m] Reached target Login Prompts.
         Starting Wait until snapd is fully seeded...
[[0;32m  OK  [0m] Started vboxadd-service.service.
[[0;32m  OK  [0m] Started Wait until snapd is fully seeded.
         Starting Apply the settings specified in cloud-config...
[[0;32m  OK  [0m] Reached target Multi-User System.
[[0;32m  OK  [0m] Reached target Graphical Interface.
         Starting Update UTMP about System Runlevel Changes...
[[0;32m  OK  [0m] Started Update UTMP about System Runlevel Changes.
[[0;32m  OK  [0m] Created slice User Slice of vagrant.
         Starting User Manager for UID 1000...
[[0;32m  OK  [0m] Started Session 1 of user vagrant.
[[0;32m  OK  [0m] Started User Manager for UID 1000.
[   24.086504] cloud-init[1417]: Cloud-init v. 18.5-45-g3554ffe8-0ubuntu1~18.04.1 running 'modules:config' at Thu, 16 May 2019 04:42:13 +0000. Up 23.99 seconds.
[[0;32m  OK  [0m] Started Apply the settings specified in cloud-config.
         Starting Execute cloud user/final scripts...
[   24.566131] cloud-init[1524]: Cloud-init v. 18.5-45-g3554ffe8-0ubuntu1~18.04.1 running 'modules:final' at Thu, 16 May 2019 04:42:14 +0000. Up 24.47 seconds.
[   24.634827] cloud-init[1524]: Cloud-init v. 18.5-45-g3554ffe8-0ubuntu1~18.04.1 finished at Thu, 16 May 2019 04:42:14 +0000. Datasource DataSourceNoCloud [seed=/dev/sdb][dsmode=net].  Up 24.56 seconds
[[0;32m  OK  [0m] Started Execute cloud user/final scripts.
[[0;32m  OK  [0m] Reached target Cloud-init target.

Ubuntu 18.04.2 LTS ubuntu-bionic ttyS0

ubuntu-bionic login: 