[    0000000]Liux verson4.15.0-48-geerc (bil@lgw01-amd64-036) (cc version 7.3.0 (Ubuntu 7.3.0-16ubuntu3)) #51-Ubuntu SMP Wed Apr 3 08:28:49 UTC 2019 (Ubuntu 4.15.0-48.51-generic 4.15.18)
[    0.000000] Command line: BOOT_IMAGE=/boot/vmlinuz-4.15.0-48-generic root=LABEL=cloudimg-rootfs ro console=tty1 console=ttyS0
[    0.000000] KERNEL supported cpus:
[    0.000000]   Intel GenuineIntel
[    0.000000]  AMD AuthenticAMD
[    0.000000]   Centaur CentaurHauls
[    0.000000] x86/fpu: Supporting XSAVE feature 0x001: 'x87 floating point registers'
[    0.000000] x86/fpu: Supporting XSAVE feature 0x002: 'SSE registers'
[    0.00000] x86/fppu: SupportngXSAVE eatu 0x004: 'AVXreistes'
[    0.000000] x86/fpu: xstate_ofet[2: 76, xstate_sizes[2]:  256
[    0.00000] x86/fp: Enabled xsate features 0x7, contex sze is 832 bytes, using 'standard' format.
[    0.0000] 82 BIOS-provided physcaRAM ma:
[   00000] BIS-e820: [mem 0x0000000000000000-0x000000000009fbff] usable
[    0.000000] BIOS-e820: [mem 0x000000000009fc00-0x000000000009ffff] reserved
[    0.000000] BIOS-e820: mem 0x00000000000f0000-0x00000000000fffff] reserved
[    0.000000] BIOS-e820: [mem 0x0000000000100000-0x000000003ffeffff] usable
[    0.000000] BIOS-e820: [mem 0x000000003fff0000-0x000000003fffffff] ACPI data
[    0.000000] BIOS-e820: [mem 0x00000000fec00000-0x00000000fec00fff] reserved
[    0.000000] BIOS-e820: [mem 0x00000000fee00000-0x00000000fee00fff] reserved
[    0.000000] BIOS-e820: [mem 0x00000000fffc0000-0x00000000ffffffff] reserved
[    0.000000] NX (Execute Disable) protection: active
[    0.000000] SMBIOS 2.5 present.
[    0.000000] DMI: innotek GmbH VirtualBox/VirtualBox, BIOS VirtualBox 12/01/2006
[    0.000000] Hypervisor detected: KVM
[    0.000000] e820: last_pfn = 0x3fff0 max_arch_pfn = 0x400000000
[    0.000000] MTRR: Disabled
[    0.000000] x86/PAT: MTRRs disabled, skipping PAT initialization too.
[    0.000000] CPU MTRRs all blank - virtualized system.
[    0.000000] x86/PAT: Configuration [0-7]: WB  WT  UC- UC  WB  WT  UC- UC  
[    0.000000] found SMP MP-table at [mem 0x0009fff0-0x0009ffff] mapped at [        (ptrval)]
[    0.000000] Scanning 1 areas for low memory corruption
[    0.000000] RAMDISK: [mem 0x359c7000-0x36cdafff]
[    0.000000] ACPI: Early tablecheksum vriiction disale
[    0.0000] ACI: RSDP 0x00000000000E0000 000024 (v02 VBOX  )
[    0.000000] ACPI: XSDT 0x000000003FFF0030 00003C (v01 VBOX   VBOXXSDT 00000001 ASL  00000061)
[    0.000000] ACPI: FACP 0x000000003FFF00F0 0000F4 (v04 VBOX   VBOXFACP 00000001 ASL  00000061)
[    0.000000] ACPI: DSDT 0x000000003FFF0470 0021FF (v02 VBOX   VBOXBIOS 00000002 INTL 20100528)
[    0.000000] ACPI: FACS 0x000000003FFF0200 000040
[    0.000000] ACPI: FACS 0x000000003FFF0200 000040
[    0.000000] ACPI: APIC 0x000000003FFF0240 00005C (v02 VBOX   VBOXAPIC 00000001 ASL  00000061)
[    0.000000] ACPI: SSDT 0x000000003FFF02A0 0001CC (v01 VBOX   VBOXCPUT 00000002 INTL 20100528)
[    0.000000] No NUMA configuration found
[    0.000000] Faking a node at [mem 0x0000000000000000-0x000000003ffeffff]
[    0.000000] NODE_DATA(0) allocated [mem 0x3ffc5000-0x3ffeffff]
[    0.000000] kvm-clock: cpu 0, msr 0:3ff44001, primary cpu clock
[    0.000000] kvm-clock: Using msrs 4b564d01 and 4b564d00
[    0.000000] kvm-clock: using sched offset of 4080141003 cycles
[    0.000000] clocksource: kvm-clock: mask: 0xffffffffffffffff max_cycles: 0x1cd424dfb, ma_ile_ns: 8159591483 ns
[    0.000000 Zne rng:
[   0.00000]  D      me 0x0000000010-0x000000000ffffff]
[    0.000000]   DMA32    [mem 0x0000000001000000-0x000000003ffeffff]
[    0.000000]   Normal   empty
[    0.000000]   Device   empty
[    0.000000] Movable zone start for each node
[    0.000000] Early memory node ranges
[    0.000000]   node   0: [mem 0x0000000000001000-0x000000000009efff]
[    0.000000]   node   0: [mem 0x0000000000100000-0x000000003ffeffff]
[    0.000000] Reserved but unavailable: 114 pages
[    0.000000] Initmem setup node 0 [mem 0x0000000000001000-0x000000003ffeffff]
[    0.000000] ACPI: PM-Timer IO Port: 0x4008
[    0.000000] IOAPIC[0]: apic_id 2, version 32, address 0xfec00000, GSI 0-23
[    0.000000] ACPI: INT_SRC_OVR (bus 0 bus_irq 0 global_irq 2 dfl dfl)
[    0.000000] ACPI: INT_SRC_OVR (bus 0 bus_irq 9 global_irq 9 low level)
[    0.000000] Using ACPI (MADT) for SMP configuration information
[    0.000000] smpboot: Allowing 2 CPUs, 0 hotplug CPUs
[    0.000000] PM: Registered nosave memory: [mem 0x00000000-0x00000fff]
[    0.000000] PM: Registered nosave memory: [mem 0x0009f000-0x0009ffff]
[    0.000000] PM: Registered nosave memory: [mem 0x000a0000-0x000effff]
[    0.000000] PM: Registered nosave memory: [mem 0x000f0000-0x000fffff]
[    0.000000] e820: [mem 0x40000000-0xfebfffff] available for PCI devices
[    0.000000] Booting paravirtualized kernel on KVM
[    0.000000] clocksource: refined-jiffies: mask: 0xffffffff max_cycles: 0xffffffff, max_idle_ns: 7645519600211568 ns
[    0.000000] random: get_random_bytes called from start_kernel+0x99/04f with nginit0
[   0.000000] setup_percpu: NR_CPUS:8192 nr_cpumask_bits:2 nr_cpu_ds:2 nr_nodeids:1
[    0.000000] percpu: Embedded 46 pages/cpu @        (ptrval) s151552 r8192 d28672 u1048576
[    0.000000] PV qspinlock hash tablentries:25 (orer0, 496byes
   0.000000]Bult 1zolists, obity roing on. Tal pages25913
[   .00000] licy zone:DM32
   0000000] Knel commndline: OO_IMAGE=/bo/vmlinuz-4.15.0-48-genric root=LABEL=loudimg-rootfs ro console=tty1 console=ttyS0
[    0.000000] Memory: 983048K/1048120K available (12300K kernel code, 2473K rwdata, 4276K rodata, 2408K init, 2416K bss, 65072K reserved, 0K cma-reserved)
[    0.000000] SLUB: HWalign=64, Order=0-3, MinObjects=0, CPUs=2, Nodes=1
[    0.000000] Kernel/User page tables isolation: enabled
[    0.000000] ftrace: allocating 39226 entries in 154 pages
[    0.004000] Hierarchical RCU implementation.
[    0.004000] 	RCU restricting CPUs from NR_CPUS=8192 to nr_cpu_ids=2.
[    0.004000] 	Tasks RCU enabled.
[    0.004000] RCU: Adjusting geometry for rcu_fanout_leaf=16, nr_cpu_ids=2
[    0.004000] NR_IRQS: 524544, nr_irqs: 440, preallocated iqs 16
[  0.00400] onsole: color GA+ 80x2
   0.040] console [ty] enabled
   0.00400console[ttyS0] enabled
[    0.004000] ACPI: Core revision 20170831
[    .004000]CP: ACPI AL tables uccessfullycquire ad loadd
    0.004000] APIC: Switch to symmetric I/O mode setup
[    0.004241] x2apic enabled
[    0.008008] Switched APIC routing to physical x2apic.
[    0.013161] ..TIMER: vector=0x30 apic1=0 pin1=2 apic2=-1 pin2=-1
[    0.016017] tsc: Detected 2303.998 MHz processor
[    0.020013] Calibrating delay loop (skipped) preset value.. 4607.99 BogoMIPS (lpj=9215992)
[    0.024004] pid_max: default: 32768 minimum: 301
[    0.025449] Security Framework initialized
[    0.026630] Yama: becoming mindful.
[    0.028060] AppArmor: AppArmor initialized
[    0.031346] Dentry cache hash table entries: 131072 (order: 8, 1048576 bytes)
[    0.032069] Inode-cache hash table entries: 65536 (order: 7, 524288 bytes)
[    0.034043] Mount-cache hash table entries: 2048 (order: 2, 16384 bytes)
[    0.036012] Mountpoint-cache hash table entries: 2048 (order: 2, 16384 bytes)
[    0.038300] mce: CPU supports 0 MCE banks
[    0.040022] Last level iTLB entries: 4KB 64, 2MB 8, 4MB 8
[    0.041571] Last level dTLB entries: 4KB 64, 2MB 0, 4MB 0, 1GB 4
[    0.044006] Spectre V2 : Mitigation: Full generic retpoline
[    0.045594] Spectre V2 : Spectre v2 / SpectreRSB mitigation: Filling RSB on context switch
[    0.048006] Speculative Store Bypass: Vulnerable
[    0.049371] Freeing SMP alternatives memory: 36K
[    0.056000] smpboot: CPU0: Intel(R) Core(TM) i5-8259U CPU @ 2.30GHz (family: 0x6, model: 0x8e, stepping: 0xa)
[    0.056098] Performance Events: unsupported p6 CPU model 142 no PMU driver, software events only.
[    0.060055] Hierarchical SRCU implementation.
[    0.064744] NMI watchdog: Perf event create on CPU 0 failed with -2
[    0.068007] NMI watchdog: Perf NMI watchdog permanently disabled
[    0.072073] smp: Bringing up secondary CPUs ...
[    0.073212] x86: Booting SMP configuration:
[    0.076008] .... node  #0, CPUs:      #1
[    0.004000] kvm-clock: cpu 1, msr 0:3ff44041, secondary cpu clock
[    0.004000] mce: CPU supports 0 MCE banks
[    0.084056] smp: Brought up 1 node, 2 CPUs
[    0.088015] smpboot: Max logical packages: 1
[    0.092008] smpboot: Total of 2 processors activated (9215.99 BogoMIPS)
[    0.093771] devtmpfs: initialized
[    0.093771] x86/mm: Memory block size: 128MB
[    0.096122] evm: security.selinux
[    0.096962] evm: security.SMACK64
[    0.097828] evm: security.SMACK64EXEC
[    0.098733] evm: security.SMACK64TRANSMUTE
[    0.100002] evm: security.SMACK64MMAP
[    0.100916] evm: security.apparmor
[    0.101769] evm: security.ima
[    0.102524] evm: security.capability
[    0.104078] clocksource: jiffies: mask: 0xffffffff max_cycles: 0xffffffff, max_idle_ns: 7645041785100000 ns
[    0.106304] futex hash table entries: 512 (order: 3, 32768 bytes)
[    0.108038] pinctrl core: initialized pinctrl subsystem
[    0.110827] RTC time:  3:35:35, date: 05/12/19
[    0.112059] NET: Registered protocol family 16
[    0.113209] audit: initializing netlink subsys (disabled)
[    0.114550] audit: type=2000 audit(1557632135.800:1): state=initialized audit_enabled=0 res=1
[    0.284100] cpuidle: using governor ladder
[    0.288019] cpuidle: using governor menu
[    0.292140] ACPI: bus type PCI registered
[    0.296006] acpiphp: ACPI Hot Plug PCI Controller Driver version: 0.5
[    0.297608] PCI: Using configuration type 1 for base access
[    0.304057] HugeTLB registered 2.00 MiB page size, pre-allocated 0 pages
[    0.312317] ACPI: Added _OSI(Module Device)
[    0.313587] ACPI: Added _OSI(Processor Device)
[    0.316010] ACPI: Added _OSI(3.0 _SCP Extensions)
[    0.317826] ACPI: Added _OSI(Processor Aggregator Device)
[    0.320009] ACPI: Added _OSI(Linux-Dell-Video)
[    0.324009] ACPI: Added _OSI(Linux-Lenovo-NV-HDMI-Audio)
[    0.328011] ACPI: Added _OSI(Linux-HPI-Hybrid-Graphics)
[    0.332410] ACPI: Executed 1 blocks of module-level executable AML code
[    0.338883] ACPI: Interpreter enabled
[    0.340046] ACPI: (supports S0 S5)
[    0.341275] ACPI: Using IOAPIC for interrupt routing
[    0.344345] PCI: Using host bridge windows from ACPI; if necessary, use "pci=nocrs" and report a bug
[    0.348355] ACPI: Enabled 2 GPEs in block 00 to 07
[    0.362865] ACPI: PCI Root Bridge [PCI0] (domain 0000 [bus 00-ff])
[    0.364026] acpi PNP0A03:00: _OSC: OS supports [ASPM ClockPM Segments MSI]
[    0.368073] acpi PNP0A03:00: _OSC: not requesting OS control; OS requires [ExtendedConfig ASPM ClockPM MSI]
[    0.372032] acpi PNP0A03:00: fail to add MMCONFIG information, can't access extended PCI configuration space under this bridge.
[    0.376727] PCI host bridge to bus 0000:00
[    0.378241] pci_bus 0000:00: root bus resource [io  0x0000-0x0cf7 window]
[    0.380010] pci_bus 0000:00: root bus resource [io  0x0d00-0xffff window]
[    0.384025] pci_bus 0000:00: root bus resource [mem 0x000a0000-0x000bffff window]
[    0.388011] pci_bus 0000:00: root bus resource [mem 0x40000000-0xfdffffff window]
[    0.392010] pci_bus 0000:00: root bus resource [bus 00-ff]
[    0.401155] pci 0000:00:01.1: legacy IDE quirk: reg 0x10: [io  0x01f0-0x01f7]
[    0.404010] pci 0000:00:01.1: legacy IDE quirk: reg 0x14: [io  0x03f6]
[    0.408010] pci 0000:00:01.1: legacy IDE quirk: reg 0x18: [io  0x0170-0x0177]
[    0.412008] pci 0000:00:01.1: legacy IDE quirk: reg 0x1c: [io  0x0376]
[    0.435228] pci 0000:00:07.0: quirk: [io  0x4000-0x403f] claimed by PIIX4 ACPI
[    0.436034] pci 0000:00:07.0: quirk: [io  0x4100-0x410f] claimed by PIIX4 SMB
[    0.455055] ACPI: PCI Interrupt Link [LNKA] (IRQs 5 9 10 *11)
[    0.456341] ACPI: PCI Interrupt Link [LNKB] (IRQs 5 9 *10 11)
[    0.460207] ACPI: PCI Interrupt Link [LNKC] (IRQs 5 *9 10 11)
[    0.464188] ACPI: PCI Interrupt Link [LNKD] (IRQs 5 9 10 *11)
[    0.468561] SCSI subsystem initialized
[    0.472076] pci 0000:00:02.0: vgaarb: setting as boot VGA device
[    0.476000] pci 0000:00:02.0: vgaarb: VGA device added: decodes=io+mem,owns=io+mem,locks=none
[    0.476010] pci 0000:00:02.0: vgaarb: bridge control possible
[    0.477594] vgaarb: loaded
[    0.478660] ACPI: bus type USB registered
[    0.480033] usbcore: registered new interface driver usbfs
[    0.484026] usbcore: registered new interface driver hub
[    0.485711] usbcore: registered new device driver usb
[    0.488027] EDAC MC: Ver: 3.0.0
[    0.489550] PCI: Using ACPI for IRQ routing
[    0.489550] NetLabel: Initializing
[    0.492004] NetLabel:  domain hash size = 128
[    0.493289] NetLabel:  protocols = UNLABELED CIPSOv4 CALIPSO
[    0.495196] NetLabel:  unlabeled traffic allowed by default
[    0.496104] clocksource: Switched to clocksource kvm-clock
[    0.512179] VFS: Disk quotas dquot_6.6.0
[    0.513210] VFS: Dquot-cache hash table entries: 512 (order 0, 4096 bytes)
[    0.514926] AppArmor: AppArmor Filesystem Enabled
[    0.516110] pnp: PnP ACPI init
[    0.518293] pnp: PnP ACPI: found 3 devices
[   0.03] ocoue:ac_p: ask:0xfff axcycs: 0xfffff maxid_n 25702ns
[    1.385686] NET: Registered protoc fil 2
[    1.509079 TCP etablished hash table entries: 8192 (order: 4, 65536 bytes)
[    1.575969] TCP bind hash table entries: 8192 (order: 5, 131072 bytes)
[    1.577960] TC: Hash tables configured(etaisd 192bind 82)
[   .83530 UP ha table eris:12orr:, 38bytes)
[    2.309347] UDP-Lite hash table entries: 512 (order: 2, 16384 bytes)
[    2.310886] NET: Registered protocol family 1
[    2.311953] pci 0000:00:00.0: Limiting direct PCI/PCI transfers
[    2.313387] pci 000000:01. ActivatinISDMha wkaunds
[    2.671829] pci 0000:0002.0: Video device with shadowed ROM at [mem 0x000c0000-0x000dffff]
[    2.697904] Unpacking initramfs...

[    2.986616] Freeing initrd memory: 19536K
[    3.085440] platform rtc_cmos: registered platform RTC device (no PNP device found)
[    3.201692] Scanning for low memory corruption every 60 seconds
[    3.287954] Initialise system trusted keyrings
[    3.341757] Key type blacklist registered
[    3.380936] workingset: timestamp_bits=36 max_order=18 bucket_order=0
[    3.383390] zbud: loaded
[    3.384557] squashfs: version 4.0 (2009/01/31) Phillip Lougher
[    3.387393] fuse init (API version 7.26)
[    3.399126] Key type asymmetric registered
[    3.400176] Asymmetric key parser 'x509' registered
[    3.401447] Block layer SCSI generic (bsg) driver version 0.4 loaded (major 246)
[    3.409214] io scheduler noop registered
[    3.410183] io scheduler deadline registered
[    3.411250] io scheduler cfq registered (default)
[    3.412920] ACPI: AC Adapter [AC] (off-line)
[    3.414001] input: Power Button as /devices/LNXSYSTM:00/LNXPWRBN:00/input/input0
[    3.416097] ACPI: Power Button [PWRF]
[    3.417094] input: Sleep Button as /devices/LNXSYSTM:00/LNXSLPBN:00/input/input1
[    3.418870] ACPI: Sleep Button [SLPF]
[    3.424177] ACPI: Battery Slot [BAT0] (battery present)
[    3.425580] Serial: 8250/16550 driver, 32 ports, IRQ sharing enabled
[    3.452064] 00:02: ttyS0 at I/O 0x3f8 (irq = 4, base_baud = 115200) is a 16550A
[    3.556482] Linux agpgart interface v0.103
[    3.558787] loop: module loaded
[    3.581267] scsi host0: ata_piix
[    3.644882] scsi host1: ata_piix
[    3.709013] ata1: PATA max UDMA/33 cmd 0x1f0 ctl 0x3f6 bmdma 0xd000 irq 14
[    3.750212] ata2: PATA max UDMA/33 cmd 0x170 ctl 0x376 bmdma 0xd008 irq 15
[    3.753297] libphy: Fixed MDIO Bus: probed
[    3.759866] tun: Universal TUN/TAP device driver, 1.6
[    3.761591] PPP generic driver version 2.4.2
[    3.763030] ehci_hcd: USB 2.0 'Enhanced' Host Controller (EHCI) Driver
[    3.766159] ehci-pci: EHCI PCI platform driver
[    3.769015] ehci-platform: EHCI generic platform driver
[    3.770605] ohci_hcd: USB 1.1 'Open' Host Controller (OHCI) Driver
[    3.772613] ohci-pci: OHCI PCI platform driver
[    3.778116] ohci-platform: OHCI generic platform driver
[    3.779835] uhci_hcd: USB Universal Host Controller Interface driver
[    3.782136] i8042: PNP: PS/2 Controller [PNP0303:PS2K,PNP0f03:PS2M] at 0x60,0x64 irq 1,12
[    3.785188] serio: i8042 KBD port at 0x60,0x64 irq 1
[    3.786723] serio: i8042 AUX port at 0x60,0x64 irq 12
[    3.788625] mousedev: PS/2 mouse device common for all mice
[    3.791298] rtc_cmos rtc_cmos: rtc core: registered rtc_cmos as rtc0
[    3.797470] rtc_cmos rtc_cmos: alarms up to one day, 114 bytes nvram
[    3.799598] input: AT Translated Set 2 keyboard as /devices/platform/i8042/serio0/input/input2
[    3.800097] i2c /dev entries driver
[    3.800105] pcie_mp2_amd: AMD(R) PCI-E MP2 Communication Driver Version: 1.0
[    3.800222] device-mapper: uevent: version 1.0.3
[    3.800285] device-mapper: ioctl: 4.37.0-ioctl (2017-09-20) initialised: dm-devel@redhat.com
[    3.808041] ledtrig-cpu: registered to indicate activity on CPUs
[    3.810355] NET: Registered protocol family 10
[    3.814774] Segment Routing with IPv6
[    3.815759] NET: Registered protocol family 17
[    3.816974] Key type dns_resolver registered
[    3.818199] RAS: Correctable Errors collector initialized.
[    3.819514] sched_clock: Marking stable (3818119339, 0)->(10343831712, -6525712373)
[    3.922663] registered taskstats version 1
[    4.028609] Loading compiled-in X.509 certificates
[    4.139877] Loaded X.509 cert 'Build time autogenerated kernel key: e7056c016f846647db0f624c10ce588fee742707'
[    4.140694] tsc: Refined TSC llocksource calibration: 2305.582 MHz
[    4.140698] clocksource: tsc: mask: 0xffffffffffffffff max_cycles: 0x213bce7dda5, max_idle_ns: 440795313724 ns
[    4.561449] zswap: loaded using pool lzo/zbud
[    4.565909] Key type big_key registered
[    4.566945] Key type trusted registered
[    4.569220] Key type encrypted registered
[    4.570236] AppArmor: AppArmor sha1 policy hashing enabled
[    4.571573] ima: No TPM chip found, activating TPM-bypass! (rc=-19)
[    4.573113] ima: Allocated hash algorithm: sha1
[    4.574225] evm: HMAC attrs: 0x1
[    4.575421]   Magic number: 3:240:563
[    4.644651] platform Fixed MDIO bus.0: hash matches
[    4.780401] rtc_cmos rtc_cmos: setting system clock to 2019-05-12 03:35:41 UTC (1557632141)
[    4.840352] BIOS EDD facility v0.16 2004-Jun-25, 0 devices found
[    4.843063] EDD information not available.
[    4.847340] Freeing unused kernel image memory: 2408K
[    4.864138] Write protecting the kernel read-only data: 20480k
[    4.866671] Freeing unused kernel image memory: 2008K
[    4.868610] Freeing unused kernel image memory: 1868K
[    4.879955] x86/mm: Checked W+X mappings: passed, no W+X pages found.
[    4.883261] x86/mm: Checking user space page tables
[    4.891862] x86/mm: Checked W+X mappings: passed, no W+X pages found.
Loading, please wait...
starting version 237
[    4.975436] e1000: Intel(R) PRO/1000 Network Driver - version 7.3.21-k8-NAPI
[    5.000319] e1000: Copyright (c) 1999-2006 Intel Corporation.
[    5.024359] vboxvideo: loading out-of-tree module taints kernel.
[    5.027130] vboxvideo: module verification failed: signature and/or required key missing - tainting kernel
[    5.027169] Fusion MPT base driver 3.04.20
[    5.027170] Copyright (c) 1999-2008 LSI Corporation
[    5.044203] [drm] VRAM 01000000
[    5.050268] [TTM] Zone  kernel: Available graphics memory: 504452 kiB
[    5.055459] [TTM] Initializing pool allocator
[    5.058769] Fusion MPT SPI Host driver 3.04.20
[    5.060472] [TTM] Initializing DMA pool allocator
[    5.072395] fbcon: vboxdrmfb (fb0) is primary device
[    5.074248] Console: switching to colour frame buffer device 100x37
[    5.081873] vboxvideo 0000:00:02.0: fb0: vboxdrmfb frame buffer device
[    5.097500] AVX2 version of gcm_enc/dec engaged.
[    5.193675] AES CTR mode by8 optimization enabled
[    5.269754] input: ImExPS/2 Generic Explorer Mouse as /devices/platform/i8042/serio1/input/input4
[    5.488390] [drm] Initialized vboxvideo 1.0.0 20130823 for 0000:00:02.0 on minor 0
[    5.754137] mptbase: ioc0: Initiating bringup
[    5.936767] ioc0: LSI53C1030 A0: Capabilities={Initiator}
[    6.190036] scsi host2: ioc0: LSI53C1030 A0, FwRev=00000000h, Ports=1, MaxQ=256, IRQ=20
[    6.444648] scsi 2:0:0:0: Direct-Access     VBOX     HARDDISK         1.0  PQ: 0 ANSI: 5
[    6.688184] scsi target2:0:0: Beginning Domain Validation
[    6.855368] scsi target2:0:0: Domain Validation skipping write tests
[    6.858088] scsi target2:0:0: Ending Domain Validation
[    6.859497] scsi target2:0:0: asynchronous
[    6.861284] random: fast init done
[    6.957282] scsi 2:0:1:0: Direct-Access     VBOX     HARDDISK         1.0  PQ: 0 ANSI: 5
[    7.288138] scsi target2:0:1: Beginning Domain Validation
[    7.346446] e1000 0000:00:03.0 eth0: (PCI:33MHz:32-bit) 02:04:86:c9:98:46
[    7.346451] e1000 0000:00:03.0 eth0: Intel(R) PRO/1000 Network Connection
[    7.509726] random: systemd-udevd: uninitialized urandom read (16 bytes read)
[    7.509740] random: systemd-udevd: uninitialized urandom read (16 bytes read)
[    7.509742] random: systemd-udevd: uninitialized urandom read (16 bytes read)
[    7.770246] e1000 0000:00:08.0 eth1: (PCI:33MHz:32-bit) 08:00:27:35:5c:f5
[    7.770248] e1000 0000:00:08.0 eth1: Intel(R) PRO/1000 Network Connection
[    7.818098] e1000 0000:00:08.0 enp0s8: renamed from eth1
[    7.821892] scsi target2:0:1: Domain Validation skipping write tests
[    7.825068] scsi target2:0:1: Ending Domain Validation
[    7.826473] scsi target2:0:1: asynchronous
[    7.832757] sd 2:0:0:0: Attached scsi generic sg0 type 0
[    7.833166] sd 2:0:0:0: [sda] 20971520 512-byte logical blocks: (10.7 GB/10.0 GiB)
[    7.833291] sd 2:0:0:0: [sda] Write Protect is off
[    7.833428] sd 2:0:0:0: [sda] Incomplete mode parameter data
[    7.833429] sd 2:0:0:0: [sda] Assuming drive cache: write through
[    7.834970]  sda: sda1
[    7.836012] sd 2:0:0:0: [sda] Attached SCSI disk
[    7.838088] e1000 0000:00:03.0 enp0s3: renamed from eth0
[    8.153835] sd 2:0:1:0: Attached scsi generic sg1 type 0
[    8.155564] sd 2:0:1:0: [sdb] 20480 512-byte logical blocks: (10.5 MB/10.0 MiB)
[    8.159483] sd 2:0:1:0: [sdb] Write Protect is off
[    8.162471] sd 2:0:1:0: [sdb] Incomplete mode parameter data
[    8.164352] sd 2:0:1:0: [sdb] Assuming drive cache: write through
[    8.171374] sd 2:0:1:0: [sdb] Attached SCSI disk
Begin: Loading essential drivers ... [    8.324268] raid6: sse2x1   gen() 11288 MB/s
[    8.436038] raid6: sse2x1   xor()  8697 MB/s
[    8.556861] raid6: sse2x2   gen() 16561 MB/s
[    8.700386] raid6: sse2x2   xor() 10093 MB/s
[    8.871089] raid6: sse2x4   gen() 18555 MB/s
[    8.933772] raid6: sse2x4   xor() 11200 MB/s
[    9.085960] raid6: avx2x1   gen() 25499 MB/s
[    9.228437] raid6: avx2x1   xor() 15310 MB/s
[    9.288063] raid6: avx2x2   gen() 26192 MB/s
[    9.338979] raid6: avx2x2   xor() 19992 MB/s
[    9.428331] raid6: avx2x4   gen() 30744 MB/s
[    9.544107] raid6: avx2x4   xor() 20444 MB/s
[    9.634927] raid6: using algorithm avx2x4 gen() 30744 MB/s
[    9.759289] raid6: .... xor() 20444 MB/s, rmw enabled
[    9.766672] raid6: using avx2x2 recovery algorithm
[    9.868627] xor: automatically using best checksumming function   avx       
[    9.950075] async_tx: api initialized (async)
done.
Begin: Running /scripts/init-premount ...[    9.996865] Btrfs loaded, crc32c=crc32c-intel
 done.
Begin: Mounting root file system ... Begin: Running /scripts/local-top ... done.
Begin: Running /scripts/local-premount ... Scanning for Btrfs filesystems
done.
Warning: fsck not present, so skipping root file system
[   10.097679] EXT4-fs (sda1): mounted filesystem with ordered data mode. Opts: (null)
done.
Begin: Running /scripts/local-bottom ... done.
Begin: Running /scripts/init-bottom ... done.
[   10.271162] ip_tables: (C) 2000-2006 Netfilter Core Team
[   10.280668] systemd[1]: systemd 237 running in system mode. (+PAM +AUDIT +SELINUX +IMA +APPARMOR +SMACK +SYSVINIT +UTMP +LIBCRYPTSETUP +GCRYPT +GNUTLS +ACL +XZ +LZ4 +SECCOMP +BLKID +ELFUTILS +KMOD -IDN2 +IDN -PCRE2 default-hierarchy=hybrid)
[   10.285945] systemd[1]: Detected virtualization oracle.
[   10.287286] systemd[1]: Detected architecture x86-64.

Welcome to [1mUbuntu 18.04.2 LTS[0m!

[   10.317627] systemd[1]: Set hostname to <ubuntu-bionic>.
[   10.605524] systemd[1]: Set up automount Arbitrary Executable File Formats File System Automount Point.
[[0;32m  OK  [0m] Set up automount Arbitrary Executabâ€¦rmats File System Automount Point.
[   10.614728] systemd[1]: Started Forward Password Requests to Wall Directory Watch.
[[0;32m  OK  [0m] Started Forward Password Requests to Wall Directory Watch.
[   10.622183] systemd[1]: Created slice User and Session Slice.
[[0;32m  OK  [0m] Created slice User and Session Slice.
[   10.770418] systemd[1]: Reached target System Time Synchronized.
[[0;32m  OK  [0m] Reached target System Time Synchronized.
[   10.782250] systemd[1]: Created slice System Slice.
[[0;32m  OK  [0m] Created slice System Slice.
[   10.785985] systemd[1]: Listening on Journal Audit Socket.
[[0;32m  OK  [0m] Listening on Journal Audit Socket.
[[0;32m  OK  [0m] Listening on LVM2 metadata daemon socket.
[[0;32m  OK  [0m] Listening on Syslog Socket.
[[0;32m  OK  [0m] Listening on Journal Socket.
         Starting Create list of required stâ€¦ce nodes for the current kernel...
         Starting Remount Root and Kernel File Systems...[   10.944826] EXT4-fs (sda1): re-mounted. Opts: (null)

[[0;32m  OK  [0m] Listening on udev Kernel Socket.
[[0;32m  OK  [0m] Created slice system-serial\x2dgetty.slice.
         Mounting Kernel Debug File System...
         Mounting POSIX Message Queue File System...
[[0;32m  OK  [0m] Listening on LVM2 poll daemon socket.
         Mounting Huge Pages File System...
[[0;32m  OK  [0m] Listening on Journal Socket (/dev/log).
         Starting Journal Service...
[[0;32m  OK  [0m] Listening on Network Service Netlink Socket.
[[0;32m  OK  [0m] Listening on Device-mapper event daemon FIFOs.
         Starting Monitoring of LVM2 mirrorsâ€¦ng dmeventd or progress polling...
[[0;32m  OK  [0m] Listening on /dev/initctl Compatibility Named Pipe.
[[0;32m  OK  [0m] Listening on udev Control Socket.
         Starting Load Kernel Modules...
         Starting udev Coldplug all Devices...
[[0;32m  OK  [0m] Reached target User and Group Name Lookups.
         Starting Set the console keyboard layout...
         Starting Uncomplicated firewall...
[[0;32m  OK  [0m] Reached target S[   11.485653] Loading iSCSI transport class v2.0-870.
wap.
[[0;32m  OK  [0m] Reached target Slices.
[[0;32m  OK  [0m] Started Journal Service.
[[0;32m  OK  [0m] Started Create list of required staâ€¦vice nodes for the current kernel.
[[0;32m  OK  [0m] Started Remount Root and Kernel File Systems.
[[0;32m  OK  [0m] Mounted Kernel Debug File System.
[[0;32m  OK  [0m] Mounted POSIX Me[   11.515855] iscsi: registered transport (tcp)
ssage Queue File System.
[[0;32m  OK  [0m] Mounted Huge Pages File Syst[   11.598491] iscsi: registered transport (iser)
em.
[[0;32m  OK  [0m] Started Load Kernel Modules.
[[0;32m  OK  [0m] Started Uncomplicated firewall.
[[0;32m  OK  [0m] Started LVM2 metadata daemon.
         Starting Apply Kernel Variables...
         Mounting FUSE Control File System...
         Mounting Kernel Configuration File System...
         Starting Load/Save Random Seed...
         Starting Create Static Device Nodes in /dev...
         Starting Flush Journal to Persistent Storage...
[[0;32m  OK  [0m] Started Monitoring of LVM2 mirrors,â€¦sing dmeventd or progress polling.
[[0;32m  OK  [0m] Started udev Coldplug all Devices.
[[0;32m  OK  [0m] Started Apply Kernel Variables.
[[0;32m  OK  [0m] Mounted FUSE Control File System.
[[0;32m  OK  [0m] Mounted Kernel Configuration File System.
[[0;32m  OK  [0m] Started Load/Save Random Seed.
[[0;32m  OK  [0m] Started Create Static Device Nodes in /dev.
         Starting udev Kernel Device Manager...
[[0;32m  OK  [0m] Started udev Kernel Device Manager.
[[0;32m  OK  [0m] Started Flush Journal to Persistent Storage.
[[0;32m  OK  [0m] Found device /dev/ttyS0.
[[0;32m  OK  [0m] Listening on Load/Save RF Kill Switch Status /dev/rfkill Watch.
[[0;32m  OK  [0m] Started Set the console keyboard layout.
[[0;32m  OK  [0m] Started Dispatch Password Requests to Console Directory Watch.
[[0;32m  OK  [0m] Reached target Local Encrypted Volumes.
[[0;32m  OK  [0m] Reached target Local File Systems (Pre).
[[0;32m  OK  [0m] Reached target Local File Systems.
         Starting Set console font and keymap...
         Starting AppArmor initialization...
         Starting Create Volatile Files and Directories...
         Starting ebtables ruleset management...
         Starting Tell Plymouth To Write Out Runtime Data...
[[0;32m  OK  [0m] Started Set console font and keymap.
[[0;32m  OK  [0m] Started Create Volatile Files and Directories.
         Starting Update UTMP about System Boot/Shutdown...
[[0;32m  OK  [0m] Started Tell Plymouth To Write Out Runtime Data.
[[0;32m  OK  [0m] Started Update UTMP about System Boot/Shutdown.
[[0;32m  OK  [0m] Started ebtables ruleset management.
[[0;32m  OK  [0m] Started AppArmor initialization.
         Starting Initial cloud-init job (pre-networking)...
[   13.764399] cloud-init[712]: Cloud-init v. 18.5-45-g3554ffe8-0ubuntu1~18.04.1 running 'init-local' at Sun, 12 May 2019 03:35:50 +0000. Up 13.57 seconds.
[[0;32m  OK  [0m] Started Initial cloud-init job (pre-networking).
[[0;32m  OK  [0m] Reached target Network (Pre).
         Starting Network Service...
[[0;32m  OK  [0m] Started Network Service.
         Starting Network Name Resolution...
         Starting Wait for Network to be Configured...
[[0;32m  OK  [0m] Started Network Name Resolution.
[[0;32m  OK  [0m] Reached target Host and Network Name Lookups.
[[0;32m  OK  [0m] Reached target Network.
[[0;32m  OK  [0m] Started Wait for Network to be Configured.
         Starting Initial cloud-init job (metadata service crawler)...
[   15.819647] cloud-init[829]: Cloud-init v. 18.5-45-g3554ffe8-0ubuntu1~18.04.1 running 'init' at Sun, 12 May 2019 03:35:52 +0000. Up 15.69 seconds.
[   15.872315] cloud-init[829]: ci-info: ++++++++++++++++++++++++++++++++++++++Net device info+++++++++++++++++++++++++++++++++++++++
[   15.877744] cloud-init[829]: ci-info: +--------+------+-----------------------------+---------------+--------+-------------------+
[   15.882242] cloud-init[829]: ci-info: | Device |  Up  |           Address           |      Mask     | Scope  |     Hw-Address    |
[   15.885879] cloud-init[829]: ci-info: +--------+------+-----------------------------+---------------+--------+-------------------+
[   15.892298] cloud-init[829]: ci-info: | enp0s3 | True |          10.0.2.15          | 255.255.255.0 | global | 02:04:86:c9:98:46 |
[   15.896426] cloud-init[829]: ci-info: | enp0s3 | True |  fe80::4:86ff:fec9:9846/64  |       .       |  link  | 02:04:86:c9:98:46 |
[   15.899981] cloud-init[829]: ci-info: | enp0s8 | True |        192.168.33.10        | 255.255.255.0 | global | 08:00:27:35:5c:f5 |
[   15.905042] cloud-init[829]: ci-info: | enp0s8 | True | fe80::a00:27ff:fe35:5cf5/64 |       .       |  link  | 08:00:27:35:5c:f5 |
[   15.908557] cloud-init[829]: ci-info: |   lo   | True |          127.0.0.1          |   255.0.0.0   |  host  |         .         |
[   15.913467] cloud-init[829]: ci-info: |   lo   | True |           ::1/128           |       .       |  host  |         .         |
[   15.916991] cloud-init[829]: ci-info: +--------+------+-----------------------------+---------------+--------+-------------------+
[   15.921861] cloud-init[829]: ci-info: +++++++++++++++++++++++++++++Route IPv4 info+++++++++++++++++++++++++++++
[   15.924953] cloud-init[829]: ci-info: +-------+--------------+----------+-----------------+-----------+-------+
[   15.928567] cloud-init[829]: ci-info: | Route | Destination  | Gateway  |     Genmask     | Interface | Flags |
[   15.930828] cloud-init[829]: ci-info: +-------+--------------+----------+-----------------+-----------+-------+
[   15.933046] cloud-init[829]: ci-info: |   0   |   0.0.0.0    | 10.0.2.2 |     0.0.0.0     |   enp0s3  |   UG  |
[   15.948590] cloud-init[829]: ci-info: |   1   |   10.0.2.0   | 0.0.0.0  |  255.255.255.0  |   enp0s3  |   U   |
[   15.956616] cloud-init[829]: ci-info: |   2   |   10.0.2.2   | 0.0.0.0  | 255.255.255.255 |   enp0s3  |   UH  |
[   15.958980] cloud-init[829]: ci-info: |   3   | 192.168.33.0 | 0.0.0.0  |  255.255.255.0  |   enp0s8  |   U   |
[   15.961465] cloud-init[829]: ci-info: +-------+--------------+----------+-----------------+-----------+-------+
[   15.963661] cloud-init[829]: ci-info: +++++++++++++++++++Route IPv6 info+++++++++++++++++++
[   15.965476] cloud-init[829]: ci-info: +-------+-------------+---------+-----------+-------+
[   15.976499] cloud-init[829]: ci-info: | Route | Destination | Gateway | Interface | Flags |
[   15.978372] cloud-init[829]: ci-info: +-------+-------------+---------+-----------+-------+
[   15.988035] cloud-init[829]: ci-info: |   1   |  fe80::/64  |    ::   |   enp0s8  |   U   |
[   15.989894] cloud-init[829]: ci-info: |   2   |  fe80::/64  |    ::   |   enp0s3  |   U   |
[   15.993324] cloud-init[829]: ci-info: |   4   |    local    |    ::   |   enp0s3  |   U   |
[   16.019028] cloud-init[829]: ci-info: |   5   |    local    |    ::   |   enp0s8  |   U   |
[[0;32m  OK  [0m] Started Initial cloud-init job (metadata service crawler).
[[0;32m  OK  [0m] Reached target System Initialization.
[[0;32m  OK  [0m] Started Daily Cleanup of Temporary Directories.
[[0;32m  OK  [0m] Listening on UUID daemon activation socket.
[   16.090699] cloud-init[829]: ci-info: |   6   |   ff00::/8  |    ::   |   enp0s8  |   U   |
[   16.312493] cloud-init[829]: ci-info: |   7   |   ff00::/8  |    ::   |   enp0s3  |   U   |
[   16.368634] cloud-init[829]: ci-info: +-------+-------------+---------+-----------+-------+
[[0;32m  OK  [0m] Started Message of the Day.
[[0;32m  OK  [0m] Started Daily apt download activities.
[[0;32m  OK  [0m] Started Daily apt upgrade and clean activities.
[[0;32m  OK  [0m] Started Discard unused blocks once a week.
[[0;32m  OK  [0m] Reached target Timers.
[[0;32m  OK  [0m] Listening on Open-iSCSI iscsid Socket.
         Starting Socket activation for snappy daemon.
[[0;32m  OK  [0m] Listening on D-Bus System Message Bus Socket.
[[0;32m  OK  [0m] Started ACPI Events Check.
[[0;32m  OK  [0m] Reached target Paths.
         Starting LXD - unix socket.
[[0;32m  OK  [0m] Listening on ACPID Listen Socket.
[[0;32m  OK  [0m] Reached target Cloud-config availability.
[[0;32m  OK  [0m] Reached target Network is Online.
[[0;32m  OK  [0m] Reached target Remote File Systems (Pre).
[[0;32m  OK  [0m] Reached target Remote File Systems.
         Starting Availability of block devices...
[[0;32m  OK  [0m] Listening on Socket activation for snappy daemon.
[[0;32m  OK  [0m] Listening on LXD - unix socket.
[[0;32m  OK  [0m] Started Availability of block devices.
[[0;32m  OK  [0m] Reached target Sockets.
[[0;32m  OK  [0m] Reached target Basic System.
[[0;32m  OK  [0m] Started Deferred execution scheduler.
[[0;32m  OK  [0m] Started Regular background program processing daemon.
         Starting Dispatcher daemon for systemd-networkd...
         Starting Snappy daemon...
[[0;32m  OK  [0m] Started D-Bus System Message Bus.
         Starting Accounts Service...
[[0;32m  OK  [0m] Started FUSE filesystem for LXC.
         Starting LXD - container startup/shutdown...
         Starting LSB: automatic crash report generation...
         Starting Permit User Sessions...
         Starting vboxadd.service...
         Starting Login Service...
         Starting OpenBSD Secure Shell server...
[[0;32m  OK  [0m] Started irqbalance daemon.
         Starting LSB: Record successful boot for GRUB...
         Starting System Logging Service...
[[0;32m  OK  [0m] Started Snappy daemon.
[[0;32m  OK  [0m] Started Permit User Sessions.
[[0;32m  OK  [0m] Started System Logging Service.
[[0;32m  OK  [0m] Started Login Service.
[[0;32m  OK  [0m] Started Unattended Upgrades Shutdown.
         Starting Authorization Manager...
         Starting Terminate Plymouth Boot Screen...
         Starting Hold until boot process finishes up...
         Starting Wait until snapd is fully seeded...
[[0;32m  OK  [0m] Started OpenBSD Secure Shell server.
[[0;32m  OK  [0m] Started Dispatcher daemon for systemd-networkd.
[[0;32m  OK  [0m] Started Terminate Plymouth Boot Screen.
[[0;32m  OK  [0m] Started Hold until boot process finishes up.
[[0;32m  OK  [0m] Started Serial Getty on ttyS0.
         Starting Set console scheme...
[[0;32m  OK  [0m] Started Wait until snapd is fully seeded.
         Starting Apply the settings specified in cloud-config...
[[0;32m  OK  [0m] Started LSB: Record successful boot for GRUB.
[[0;32m  OK  [0m] Started Authorization Manager.
[[0;32m  OK  [0m] Started Accounts Service.
[[0;32m  OK  [0m] Started LXD - container startup/shutdown.
[[0;32m  OK  [0m] Started LSB: automatic crash report generation.
[[0;32m  OK  [0m] Started Set console scheme.
[[0;32m  OK  [0m] Created slice system-getty.slice.
[[0;32m  OK  [0m] Started Getty on tty1.
[[0;32m  OK  [0m] Reached target Login Prompts.
[[0;32m  OK  [0m] Started vboxadd.service.
         Starting vboxadd-service.service...
[[0;32m  OK  [0m] Started vboxadd-service.service.
[[0;32m  OK  [0m] Reached target Multi-User System.
[[0;32m  OK  [0m] Reached target Graphical Interface.
         Starting Update UTMP about System Runlevel Changes...
[[0;32m  OK  [0m] Started Update UTMP about System Runlevel Changes.
[   18.182992] cloud-init[1219]: Cloud-init v. 18.5-45-g3554ffe8-0ubuntu1~18.04.1 running 'modules:config' at Sun, 12 May 2019 03:35:54 +0000. Up 18.08 seconds.
[[0;32m  OK  [0m] Started Apply the settings specified in cloud-config.
         Starting Execute cloud user/final scripts...
[   18.731380] cloud-init[1360]: Cloud-init v. 18.5-45-g3554ffe8-0ubuntu1~18.04.1 running 'modules:final' at Sun, 12 May 2019 03:35:55 +0000. Up 18.64 seconds.
[   18.737318] cloud-init[1360]: Cloud-init v. 18.5-45-g3554ffe8-0ubuntu1~18.04.1 finished at Sun, 12 May 2019 03:35:55 +0000. Datasource DataSourceNoCloud [seed=/dev/sdb][dsmode=net].  Up 18.72 seconds
[[0;32m  OK  [0m] Started Execute cloud user/final scripts.
[[0;32m  OK  [0m] Reached target Cloud-init target.

Ubuntu 18.04.2 LTS ubuntu-bionic ttyS0

ubuntu-bionic login: 